May-06 18:39:01.559 [main] DEBUG nextflow.cli.Launcher - $> nextflow run main.nf
May-06 18:39:01.602 [main] DEBUG nextflow.cli.CmdRun - N E X T F L O W  ~  version 25.10.0
May-06 18:39:01.621 [main] DEBUG nextflow.config.ConfigBuilder - Found config local: /Users/emafialova/Projects/DP_Final/nextflow.config
May-06 18:39:01.622 [main] DEBUG nextflow.config.ConfigBuilder - Parsing config file: /Users/emafialova/Projects/DP_Final/nextflow.config
May-06 18:39:01.633 [main] DEBUG nextflow.config.ConfigBuilder - Applying config profile: `standard`
May-06 18:39:01.821 [main] DEBUG nextflow.plugin.PluginsFacade - Setting up plugin manager > mode=prod; embedded=false; plugins-dir=/Users/emafialova/.nextflow/plugins; core-plugins: nf-amazon@3.4.1,nf-azure@1.20.2,nf-cloudcache@0.5.0,nf-codecommit@0.5.0,nf-console@1.3.0,nf-google@1.23.3,nf-k8s@1.2.2,nf-tower@1.17.1,nf-wave@1.16.1
May-06 18:39:01.827 [main] INFO  o.pf4j.DefaultPluginStatusProvider - Enabled plugins: []
May-06 18:39:01.828 [main] INFO  o.pf4j.DefaultPluginStatusProvider - Disabled plugins: []
May-06 18:39:01.829 [main] INFO  org.pf4j.DefaultPluginManager - PF4J version 3.12.0 in 'deployment' mode
May-06 18:39:01.837 [main] DEBUG nextflow.util.RetryConfig - Missing nextflow session - using default retry config
May-06 18:39:01.918 [main] INFO  org.pf4j.AbstractPluginManager - No plugins
May-06 18:39:01.919 [main] DEBUG nextflow.plugin.PluginsFacade - Plugins default=[]
May-06 18:39:01.919 [main] DEBUG nextflow.plugin.PluginsFacade - Plugins resolved requirement=[]
May-06 18:39:01.927 [main] DEBUG n.secret.LocalSecretsProvider - Secrets store: /Users/emafialova/.nextflow/secrets/store.json
May-06 18:39:01.928 [main] DEBUG nextflow.secret.SecretsLoader - Discovered secrets providers: [nextflow.secret.LocalSecretsProvider@5e1dde44] - activable => nextflow.secret.LocalSecretsProvider@5e1dde44
May-06 18:39:01.932 [main] DEBUG nextflow.cli.CmdRun - Applied DSL=2 from script declaration
May-06 18:39:01.939 [main] DEBUG nextflow.cli.CmdRun - Launching `main.nf` [pensive_marconi] DSL2 - revision: b334a5bb42
May-06 18:39:01.963 [main] DEBUG nextflow.Session - Session UUID: df71bfa0-5a16-4976-987a-76f97de705ba
May-06 18:39:01.963 [main] DEBUG nextflow.Session - Run name: pensive_marconi
May-06 18:39:01.963 [main] DEBUG nextflow.Session - Executor pool size: 10
May-06 18:39:01.967 [main] DEBUG nextflow.file.FilePorter - File porter settings maxRetries=3; maxTransfers=50; pollTimeout=null
May-06 18:39:01.969 [main] DEBUG nextflow.util.ThreadPoolBuilder - Creating thread pool 'FileTransfer' minSize=10; maxSize=30; workQueue=LinkedBlockingQueue[-1]; allowCoreThreadTimeout=false
May-06 18:39:01.986 [main] DEBUG nextflow.cli.CmdRun - 
  Version: 25.10.0 build 0
  Created: 22-10-2025 15:12 UTC (17:12 CEST)
  System: Mac OS X 26.3.1
  Runtime: Groovy 4.0.28 on OpenJDK 64-Bit Server VM 25.0.1
  Encoding: UTF-8 (UTF-8)
  Process: 97286@Emas-MacBook-Pro.local [127.0.0.1]
  CPUs: 10 - Mem: 16 GB (62.5 MB) - Swap: 4 GB (1.4 GB)
May-06 18:39:01.992 [main] DEBUG nextflow.Session - Work-dir: /Users/emafialova/Projects/DP_Final/work [Mac OS X]
May-06 18:39:01.993 [main] DEBUG nextflow.Session - Script base path does not exist or is not a directory: /Users/emafialova/Projects/DP_Final/bin
May-06 18:39:01.996 [main] DEBUG nextflow.executor.ExecutorFactory - Extension executors providers=[]
May-06 18:39:02.000 [main] DEBUG nextflow.Session - Observer factory (v2): LinObserverFactory
May-06 18:39:02.001 [main] DEBUG nextflow.Session - Observer factory (v2): DefaultObserverFactory
May-06 18:39:02.014 [main] DEBUG nextflow.cache.CacheFactory - Using Nextflow cache factory: nextflow.cache.DefaultCacheFactory
May-06 18:39:02.018 [main] DEBUG nextflow.util.CustomThreadPool - Creating default thread pool > poolSize: 11; maxThreads: 1000
May-06 18:39:02.044 [main] DEBUG nextflow.Session - Session start
May-06 18:39:02.265 [main] DEBUG nextflow.script.ScriptRunner - > Launching execution
May-06 18:39:02.325 [main] DEBUG nextflow.executor.ExecutorFactory - << taskConfig executor: local
May-06 18:39:02.325 [main] DEBUG nextflow.executor.ExecutorFactory - >> processorType: 'local'
May-06 18:39:02.328 [main] DEBUG nextflow.executor.Executor - [warm up] executor > local
May-06 18:39:02.332 [main] DEBUG n.processor.LocalPollingMonitor - Creating local task monitor for executor 'local' > cpus=10; memory=16 GB; capacity=10; pollInterval=100ms; dumpInterval=5m
May-06 18:39:02.332 [main] DEBUG n.processor.TaskPollingMonitor - >>> barrier register (monitor: local)
May-06 18:39:02.340 [main] DEBUG nextflow.processor.TaskProcessor - Creating process 'EXTRACT_SEQ': maxForks=0; fair=false; array=0
May-06 18:39:02.354 [main] DEBUG nextflow.executor.ExecutorFactory - << taskConfig executor: local
May-06 18:39:02.354 [main] DEBUG nextflow.executor.ExecutorFactory - >> processorType: 'local'
May-06 18:39:02.354 [main] DEBUG nextflow.processor.TaskProcessor - Creating process 'COMPILE_C': maxForks=0; fair=false; array=0
May-06 18:39:02.356 [main] DEBUG nextflow.executor.ExecutorFactory - << taskConfig executor: local
May-06 18:39:02.356 [main] DEBUG nextflow.executor.ExecutorFactory - >> processorType: 'local'
May-06 18:39:02.356 [main] DEBUG nextflow.processor.TaskProcessor - Creating process 'FULL_CHR': maxForks=0; fair=false; array=0
May-06 18:39:02.358 [main] DEBUG nextflow.executor.ExecutorFactory - << taskConfig executor: local
May-06 18:39:02.358 [main] DEBUG nextflow.executor.ExecutorFactory - >> processorType: 'local'
May-06 18:39:02.358 [main] DEBUG nextflow.processor.TaskProcessor - Creating process 'ANALYZE_KMERS': maxForks=0; fair=false; array=0
May-06 18:39:02.360 [main] DEBUG nextflow.executor.ExecutorFactory - << taskConfig executor: local
May-06 18:39:02.360 [main] DEBUG nextflow.executor.ExecutorFactory - >> processorType: 'local'
May-06 18:39:02.360 [main] DEBUG nextflow.processor.TaskProcessor - Creating process 'EXTENSION': maxForks=0; fair=false; array=0
May-06 18:39:02.362 [main] DEBUG nextflow.executor.ExecutorFactory - << taskConfig executor: local
May-06 18:39:02.362 [main] DEBUG nextflow.executor.ExecutorFactory - >> processorType: 'local'
May-06 18:39:02.362 [main] DEBUG nextflow.processor.TaskProcessor - Creating process 'FINAL_NODES': maxForks=0; fair=false; array=0
May-06 18:39:02.364 [main] DEBUG nextflow.executor.ExecutorFactory - << taskConfig executor: local
May-06 18:39:02.364 [main] DEBUG nextflow.executor.ExecutorFactory - >> processorType: 'local'
May-06 18:39:02.364 [main] DEBUG nextflow.processor.TaskProcessor - Creating process 'CLUSTERS': maxForks=0; fair=false; array=0
May-06 18:39:02.365 [main] DEBUG nextflow.Session - Workflow process names [dsl2]: FULL_CHR, CLUSTERS, COMPILE_C, ANALYZE_KMERS, EXTENSION, EXTRACT_SEQ, FINAL_NODES
May-06 18:39:02.366 [main] DEBUG nextflow.Session - Igniting dataflow network (8)
May-06 18:39:02.368 [main] DEBUG nextflow.processor.TaskProcessor - Starting process > EXTRACT_SEQ
May-06 18:39:02.368 [main] DEBUG nextflow.processor.TaskProcessor - Starting process > COMPILE_C
May-06 18:39:02.368 [main] DEBUG nextflow.processor.TaskProcessor - Starting process > FULL_CHR
May-06 18:39:02.369 [main] DEBUG nextflow.processor.TaskProcessor - Starting process > ANALYZE_KMERS
May-06 18:39:02.369 [main] DEBUG nextflow.processor.TaskProcessor - Starting process > EXTENSION
May-06 18:39:02.369 [main] DEBUG nextflow.processor.TaskProcessor - Starting process > FINAL_NODES
May-06 18:39:02.369 [main] DEBUG nextflow.processor.TaskProcessor - Starting process > CLUSTERS
May-06 18:39:02.369 [main] DEBUG nextflow.script.ScriptRunner - Parsed script files:
  Script_c47030cfb9919301: /Users/emafialova/Projects/DP_Final/main.nf
May-06 18:39:02.369 [main] DEBUG nextflow.script.ScriptRunner - > Awaiting termination 
May-06 18:39:02.369 [main] DEBUG nextflow.Session - Session await
May-06 18:39:02.429 [Task submitter] DEBUG n.executor.local.LocalTaskHandler - Launch cmd line: /bin/bash -ue .command.run
May-06 18:39:02.430 [Task submitter] INFO  nextflow.Session - [fa/a30546] Submitted process > COMPILE_C
May-06 18:39:02.830 [Task monitor] DEBUG n.processor.TaskPollingMonitor - Task completed > TaskHandler[id: 2; name: COMPILE_C; status: COMPLETED; exit: 0; error: -; workDir: /Users/emafialova/Projects/DP_Final/work/fa/a3054672dd544310a448d0f5701125]
May-06 18:39:02.830 [Task monitor] DEBUG nextflow.util.ThreadPoolBuilder - Creating thread pool 'TaskFinalizer' minSize=10; maxSize=30; workQueue=LinkedBlockingQueue[-1]; allowCoreThreadTimeout=false
May-06 18:39:02.833 [Task submitter] DEBUG n.executor.local.LocalTaskHandler - Launch cmd line: /bin/bash -ue .command.run
May-06 18:39:02.834 [Task submitter] INFO  nextflow.Session - [f8/21cfb4] Submitted process > EXTRACT_SEQ (1)
May-06 18:39:02.882 [Task monitor] DEBUG n.processor.TaskPollingMonitor - Task completed > TaskHandler[id: 1; name: EXTRACT_SEQ (1); status: COMPLETED; exit: 0; error: -; workDir: /Users/emafialova/Projects/DP_Final/work/f8/21cfb4428581ca5566f8158567c387]
May-06 18:39:02.888 [Task submitter] DEBUG n.executor.local.LocalTaskHandler - Launch cmd line: /bin/bash -ue .command.run
May-06 18:39:02.888 [TaskFinalizer-2] DEBUG nextflow.util.ThreadPoolBuilder - Creating thread pool 'PublishDir' minSize=10; maxSize=30; workQueue=LinkedBlockingQueue[-1]; allowCoreThreadTimeout=false
May-06 18:39:02.888 [Task submitter] INFO  nextflow.Session - [dc/b62427] Submitted process > FULL_CHR (1)
May-06 18:39:03.989 [Task monitor] DEBUG n.processor.TaskPollingMonitor - Task completed > TaskHandler[id: 3; name: FULL_CHR (1); status: COMPLETED; exit: 0; error: -; workDir: /Users/emafialova/Projects/DP_Final/work/dc/b62427f068c39db712cf8ab4e519f9]
May-06 18:39:03.995 [Task submitter] DEBUG n.executor.local.LocalTaskHandler - Launch cmd line: /bin/bash -ue .command.run
May-06 18:39:03.995 [Task submitter] INFO  nextflow.Session - [85/4d3837] Submitted process > ANALYZE_KMERS (1)
May-06 18:39:04.135 [Task monitor] DEBUG n.processor.TaskPollingMonitor - Task completed > TaskHandler[id: 4; name: ANALYZE_KMERS (1); status: COMPLETED; exit: 0; error: -; workDir: /Users/emafialova/Projects/DP_Final/work/85/4d3837b3fcb86796fa784b10f8777c]
May-06 18:39:04.167 [TaskFinalizer-4] DEBUG nextflow.processor.TaskProcessor - Process ANALYZE_KMERS > Skipping output binding because one or more optional files are missing: fileoutparam<1>
May-06 18:39:04.179 [Task submitter] DEBUG n.executor.local.LocalTaskHandler - Launch cmd line: /bin/bash -ue .command.run
May-06 18:39:04.179 [Task submitter] INFO  nextflow.Session - [f2/f10380] Submitted process > EXTENSION (1)
May-06 18:39:04.638 [Task monitor] DEBUG n.processor.TaskPollingMonitor - Task completed > TaskHandler[id: 5; name: EXTENSION (1); status: COMPLETED; exit: 0; error: -; workDir: /Users/emafialova/Projects/DP_Final/work/f2/f10380fa5fd399fb5762ebc819d1a7]
May-06 18:39:04.646 [Task submitter] DEBUG n.executor.local.LocalTaskHandler - Launch cmd line: /bin/bash -ue .command.run
May-06 18:39:04.646 [Task submitter] INFO  nextflow.Session - [fc/e8d1a5] Submitted process > FINAL_NODES (1)
May-06 18:39:04.969 [Task monitor] DEBUG n.processor.TaskPollingMonitor - Task completed > TaskHandler[id: 6; name: FINAL_NODES (1); status: COMPLETED; exit: 0; error: -; workDir: /Users/emafialova/Projects/DP_Final/work/fc/e8d1a573766e0fd386a45f1a1c9135]
May-06 18:39:04.983 [Task submitter] DEBUG n.executor.local.LocalTaskHandler - Launch cmd line: /bin/bash -ue .command.run
May-06 18:39:04.983 [Task submitter] INFO  nextflow.Session - [5a/d8b36e] Submitted process > CLUSTERS (1)
May-06 18:39:08.391 [Task monitor] DEBUG n.processor.TaskPollingMonitor - Task completed > TaskHandler[id: 7; name: CLUSTERS (1); status: COMPLETED; exit: 0; error: -; workDir: /Users/emafialova/Projects/DP_Final/work/5a/d8b36e73b62abf3850d200fafbc41e]
May-06 18:39:08.393 [main] DEBUG nextflow.Session - Session await > all processes finished
May-06 18:39:08.494 [Task monitor] DEBUG n.processor.TaskPollingMonitor - <<< barrier arrives (monitor: local) - terminating tasks monitor poll loop
May-06 18:39:08.494 [main] DEBUG nextflow.Session - Session await > all barriers passed
May-06 18:39:08.497 [main] DEBUG nextflow.util.ThreadPoolManager - Thread pool 'TaskFinalizer' shutdown completed (hard=false)
May-06 18:39:08.497 [main] DEBUG nextflow.util.ThreadPoolManager - Thread pool 'PublishDir' shutdown completed (hard=false)
May-06 18:39:08.502 [main] DEBUG n.trace.WorkflowStatsObserver - Workflow completed > WorkflowStats[succeededCount=7; failedCount=0; ignoredCount=0; cachedCount=0; pendingCount=0; submittedCount=0; runningCount=0; retriesCount=0; abortedCount=0; succeedDuration=53.8s; failedDuration=0ms; cachedDuration=0ms;loadCpus=0; loadMemory=0; peakRunning=1; peakCpus=10; peakMemory=16 GB; ]
May-06 18:39:08.615 [main] DEBUG nextflow.cache.CacheDB - Closing CacheDB done
May-06 18:39:08.626 [main] DEBUG nextflow.util.ThreadPoolManager - Thread pool 'FileTransfer' shutdown completed (hard=false)
May-06 18:39:08.627 [main] DEBUG nextflow.script.ScriptRunner - > Execution complete -- Goodbye
